[    0.0000]Intializing cgroup subsys cpuset
[    0.000000] Initializing cgroup subsys cpu
[    0.000000] Initializing cgroup subsys cpuacct
[    0.000000] Linux version 4.4.0-141-generic (buildd@lcy01-amd64-006) (gcc version 5.4.0 20160609 (Ubuntu 5.4.0-6ubuntu1~16.04.10) ) #167-Ubuntu SMP Wed Dec 5 10:40:15 UTC 2018 (Ubuntu 4.4.0-141.167-generic 4.4.162)
[    0.000000] Command line: BOOT_IMAGE=/boot/vmlinuz-4.4.0-141-generic root=LABEL=cloudimg-rootfs ro console=tty1 console=ttyS0
[    0.000000] KERNEL supported cpus:
[    0.000000]   Intel GenuineIntel
[    0.000000]   AMD AuthenticAMD
[    0.000000]   Centaur CentaurHauls
[    0.000000] x86/fpu: xstate_offset[2]:  576, xstate_sizes[2]:  256
[    0.000000] x86/fpu: Supporting XSAVE feature 0x01: 'x87 floating point registers'
[    0.000000] x86/fpu: Supporting XSAVE feature 0x02: 'SSE registers'
[    0.000000] x86/fpu: Supporting XSAVE feature 0x04: 'AVX registers'
[    0.000000] x86/fpu: Enabled xstate features 0x7, context size is 832 bytes, using 'standard' format.
[    0.000000] e820: BIOS-provided physical RAM map:
[    0.000000] BIOS-e820: [mem 0x0000000000000000-0x000000000009fbff] usable
[    0.000000] BIOS-e820: [mem 0x000000000009fc00-0x000000000009ffff] reserved
[    0.000000] BIOS-e820: [mem 0x00000000000f0000-0x00000000000fffff] reserved
[    0.000000] BIOS-e820: [mem 0x0000000000100000-0x000000007ffeffff] usable
[    0.000000] BIOS-e820: [mem 0x000000007fff0000-0x000000007fffffff] ACPI data
[    0.000000] BIOS-e820: [mem 0x00000000fec00000-0x00000000fec00fff] reserved
[    0.000000] BIOS-e820: [mem 0x00000000fee00000-0x00000000fee00fff] reserved
[    0.000000] BIOS-e820: [mem 0x00000000fffc0000-0x00000000ffffffff] reserved
[    0.000000] NX (Execute Disable) protection: active
[    0.000000] SMBIOS 2.5 present.
[    0.000000] Hypervisor detected: KVM
[    0.000000] e820: last_pfn = 0x7fff0 max_arch_pfn = 0x400000000
[    0.000000] MTRR: Disabled
[    0.000000] x86/PAT: MTRRs disabled, skipping PAT initialization too.
[    0.000000] CPU MTRRs all blank - virtualized system.
[    0.000000] x86/PAT: Configuration [0-7]: WB  WT  UC- UC  WB  WT  UC- UC  
[    0.000000] found SMP MP-table at [mem 0x0009fff0-0x0009ffff] mapped at [ffff88000009fff0]
[    0.000000] Scanning 1 areas for low memory corruption
[    0.000000] RAMDISK: [mem 0x3630c000-0x3717dfff]
[    0.000000] ACPI: Early table checksum verification disabled
[    0.000000] ACPI: RSDP 0x00000000000E0000 000024 (v02 VBOX  )
[    0.000000] ACPI: XSDT 0x000000007FFF0030 00003C (v01 VBOX   VBOXXSDT 00000001 ASL  00000061)
[    0.000000] ACPI: FACP 0x000000007FFF00F0 0000F4 (v04 VBOX   VBOXFACP 00000001 ASL  00000061)
[    0.000000] ACPI: DSDT 0x000000007FFF0470 0021FF (v02 VBOX   VBOXBIOS 00000002 INTL 20180105)
[    0.000000] ACPI: FACS 0x000000007FFF0200 000040
[    0.000000] ACPI: FACS 0x000000007FFF0200 000040
[    0.000000] ACPI: APIC 0x000000007FFF0240 00005C (v02 VBOX   VBOXAPIC 00000001 ASL  00000061)
[    0.000000] ACPI: SSDT 0x000000007FFF02A0 0001CC (v01 VBOX   VBOXCPUT 00000002 INTL 20180105)
[    0.000000] No NUMA configuration found
[    0.000000] Faking a node at [mem 0x0000000000000000-0x000000007ffeffff]
[    0.000000] NODE_DATA(0) allocated [mem 0x7ffeb000-0x7ffeffff]
[    0.000000] kvm-clock: Using msrs 4b564d01 and 4b564d00
[    0.000000] kvm-clock: cpu 0, msr 0:7ffe3001, primary cpu clock
[    0.000000] kvm-clock: using sched offset of 3338278561 cycles
[    0.000000] clocksource: kvm-clock: mask: 0xffffffffffffffff max_cycles: 0x1cd42e4dffb, max_idle_ns: 881590591483 ns
[    0.000000] Zone ranges:
[    0.000000]   DMA      [mem 0x0000000000001000-0x0000000000ffffff]
[    0.000000]   DMA32    [mem 0x0000000001000000-0x000000007ffeffff]
[    0.000000]   Normal   empty
[    0.000000]   Device   empty
[    0.000000] Movable zone start for each node
[    0.000000] Early memory node ranges
[    0.000000]   node   0: [mem 0x0000000000001000-0x000000000009efff]
[    0.000000]   node   0: [mem 0x0000000000100000-0x000000007ffeffff]
[    0.000000] Initmem setup node 0 [mem 0x0000000000001000-0x000000007ffeffff]
[    0.000000] ACPI: PM-Timer IO Port: 0x4008
[    0.000000] IOAPIC[0]: apic_id 2, version 32, address 0xfec00000, GSI 0-23
[    0.000000] ACPI: INT_SRC_OVR (bus 0 bus_irq 0 global_irq 2 dfl dfl)
[    0.000000] ACPI: INT_SRC_OVR (bus 0 bus_irq 9 global_irq 9 low level)
[    0.000000] Using ACPI (MADT) for SMP configuration information
[    0.000000] smpboot: Allowing 2 CPUs, 0 hotplug CPUs
[    0.000000] PM: Registered nosave memory: [mem 0x00000000-0x00000fff]
[    0.000000] PM: Registered nosave memory: [mem 0x0009f000-0x0009ffff]
[    0.000000] PM: Registered nosave memory: [mem 0x000a0000-0x000effff]
[    0.000000] PM: Registered nosave memory: [mem 0x000f0000-0x000fffff]
[    0.000000] e820: [mem 0x80000000-0xfebfffff] available for PCI devices
[    0.000000] Booting paravirtualized kernel on KVM
[    0.000000] clocksource: refined-jiffies: mask: 0xffffffff max_cycles: 0xffffffff, max_idle_ns: 7645519600211568 ns
[    0.000000] setup_percpu: NR_CPUS:512 nr_cpumask_bits:512 nr_cpu_ids:2 nr_node_ids:1
[    0.000000] PERCPU: Embedded 34 pages/cpu @ffff88007fc00000 s99608 r8192 d31464 u1048576
[    0.000000] PV qspinlock hash table entries: 256 (order: 0, 4096 bytes)
[    0.000000] Built 1 zonelists in Node order, mobility grouping on.  Total pages: 515960
[    0.000000] Policy zone: DMA32
[    0.000000] Kernel command line: BOOT_IMAGE=/boot/vmlinuz-4.4.0-141-generic root=LABEL=cloudimg-rootfs ro console=tty1 console=ttyS0
[    0.000000] PID hash table entries: 4096 (order: 3, 32768 bytes)
[    0.000000] Memory: 2029904K/2096696K available (8568K kernel code, 1314K rwdata, 4008K rodata, 1528K init, 1316K bss, 66792K reserved, 0K cma-reserved)
[    0.000000] SLUB: HWalign=64, Order=0-3, MinObjects=0, CPUs=2, Nodes=1
[    0.000000] Kernel/User page tables isolation: enabled
[    0.000000] Hierarchical RCU implementation.
[    0.000000] 	Build-time adjustment of leaf fanout to 64.
[    0.000000] 	RCU restricting CPUs from NR_CPUS=512 to nr_cpu_ids=2.
[    0.000000] RCU: Adjusting geometry for rcu_fanout_leaf=64, nr_cpu_ids=2
[    0.000000] NR_IRQS:33024 nr_irqs:440 16
[    0.000000] Console: colour VGA+ 80x25
[    0.000000] console [tty1] enabled
[    0.000000] console [ttyS0] enabled
[    0.000000] tsc: Detected 2494.208 MHz processor
[    0.172490] Calibrating delay loop (skipped) preset value.. 4988.41 BogoMIPS (lpj=9976832)
[    0.173852] pid_max: default: 32768 minimum: 301
[    0.174582] ACPI: Core revision 20150930
[    0.176148] ACPI: 2 ACPI AML tables successfully acquired and loaded
[    0.177212] Security Framework initialized
[    0.177884] Yama: becoming mindful.
[    0.178499] AppArmor: AppArmor initialized
[    0.179669] Dentry cache hash table entries: 262144 (order: 9, 2097152 bytes)
[    0.181013] Inode-cache hash table entries: 131072 (order: 8, 1048576 bytes)
[    0.182577] Mount-cache hash table entries: 4096 (order: 3, 32768 bytes)
[    0.183560] Mountpoint-cache hash table entries: 4096 (order: 3, 32768 bytes)
[    0.184749] Initializing cgroup subsys io
[    0.185434] Initializing cgroup subsys memory
[    0.186137] Initializing cgroup subsys devices
[    0.186845] Initializing cgroup subsys freezer
[    0.187554] Initializing cgroup subsys net_cls
[    0.188285] Initializing cgroup subsys perf_event
[    0.189027] Initializing cgroup subsys net_prio
[    0.189745] Initializing cgroup subsys hugetlb
[    0.190453] Initializing cgroup subsys pids
[    0.192003] mce: CPU supports 0 MCE banks
[    0.192735] Last level iTLB entries: 4KB 1024, 2MB 1024, 4MB 1024
[    0.193644] Last level dTLB entries: 4KB 1024, 2MB 1024, 4MB 1024, 1GB 4
[    0.194594] Spectre V2 : Mitigation: Full generic retpoline
[    0.195443] Spectre V2 : Spectre v2 mitigation: Speculation control IBPB not-supported IBRS not-supported
[    0.196720] Spectre V2 : Spectre v2 / SpectreRSB mitigation: Filling RSB on context switch
[    0.198263] Speculative Store Bypass: Vulnerable
[    0.201160] Freeing SMP alternatives memory: 32K
[    0.208843] ftrace: allocating 32291 entries in 127 pages
[    0.349539] smpboot: APIC(0) Converting physical 0 to logical package 0
[    0.472429] smpboot: Max logical packages: 1
[    0.494855] x2apic enabled
[    0.504569] Switched APIC routing to physical x2apic.
[    0.506381] ..TIMER: vector=0x30 apic1=0 pin1=2 apic2=-1 pin2=-1
[    0.611816] smpboot: CPU0: Intel(R) Core(TM) i5-4200M CPU @ 2.50GHz (family: 0x6, model: 0x3c, stepping: 0x3)
[    0.615958] Performance Events: unsupported p6 CPU model 60 no PMU driver, software events only.
[    0.617667] KVM setup paravirtual spinlock
[    0.619486] x86: Booting SMP configuration:
[    0.620320] .... node  #0, CPUs:      #1
[    0.621221] kvm-clock: cpu 1, msr 0:7ffe3041, secondary cpu clock
[    0.622674] mce: CPU supports 0 MCE banks
[    0.625070] x86: Booted up 1 node, 2 CPUs
[    0.626137] smpboot: Total of 2 processors activated (9976.83 BogoMIPS)
[    0.627598] devtmpfs: initialized
[    0.629745] evm: security.selinux
[    0.630427] evm: security.SMACK64
[    0.631089] evm: security.SMACK64EXEC
[    0.631798] evm: security.SMACK64TRANSMUTE
[    0.632601] evm: security.SMACK64MMAP
[    0.633362] evm: security.ima
[    0.633998] evm: security.capability
[    0.634886] clocksource: jiffies: mask: 0xffffffff max_cycles: 0xffffffff, max_idle_ns: 7645041785100000 ns
[    0.636634] futex hash table entries: 512 (order: 3, 32768 bytes)
[    0.637811] pinctrl core: initialized pinctrl subsystem
[    0.638853] RTC time:  6:10:22, date: 12/27/18
[    0.639836] NET: Registered protocol family 16
[    0.652086] cpuidle: using governor ladder
[    0.663513] cpuidle: using governor menu
[    0.664982] PCCT header not found.
[    0.666394] ACPI: bus type PCI registered
[    0.667922] acpiphp: ACPI Hot Plug PCI Controller Driver version: 0.5
[    0.670205] PCI: Using configuration type 1 for base access
[    0.685201] ACPI: Added _OSI(Module Device)
[    0.686624] ACPI: Added _OSI(Processor Device)
[    0.688057] ACPI: Added _OSI(3.0 _SCP Extensions)
[    0.689534] ACPI: Added _OSI(Processor Aggregator Device)
[    0.692220] ACPI: Executed 1 blocks of module-level executable AML code
[    0.697276] ACPI: Interpreter enabled
[    0.698150] ACPI: (supports S0 S5)
[    0.698894] ACPI: Using IOAPIC for interrupt routing
[    0.704741] PCI: Using host bridge windows from ACPI; if necessary, use "pci=nocrs" and report a bug
[    0.709215] ACPI: PCI Root Bridge [PCI0] (domain 0000 [bus 00-ff])
[    0.710124] acpi PNP0A03:00: _OSC: OS supports [ASPM ClockPM Segments MSI]
[    0.711107] acpi PNP0A03:00: _OSC: not requesting OS control; OS requires [ExtendedConfig ASPM ClockPM MSI]
[    0.712578] acpi PNP0A03:00: fail to add MMCONFIG information, can't access extended PCI configuration space under this bridge.
[    0.715578] PCI host bridge to bus 0000:00
[    0.716273] pci_bus 0000:00: root bus resource [io  0x0000-0x0cf7 window]
[    0.717277] pci_bus 0000:00: root bus resource [io  0x0d00-0xffff window]
[    0.718245] pci_bus 0000:00: root bus resource [mem 0x000a0000-0x000bffff window]
[    0.719462] pci_bus 0000:00: root bus resource [mem 0x80000000-0xfdffffff window]
[    0.720695] pci_bus 0000:00: root bus resource [bus 00-ff]
[    0.722814] pci 0000:00:01.1: legacy IDE quirk: reg 0x10: [io  0x01f0-0x01f7]
[    0.723817] pci 0000:00:01.1: legacy IDE quirk: reg 0x14: [io  0x03f6]
[    0.724771] pci 0000:00:01.1: legacy IDE quirk: reg 0x18: [io  0x0170-0x0177]
[    0.725791] pci 0000:00:01.1: legacy IDE quirk: reg 0x1c: [io  0x0376]
[    0.761919] pci 0000:00:07.0: quirk: [io  0x4000-0x403f] claimed by PIIX4 ACPI
[    0.763158] pci 0000:00:07.0: quirk: [io  0x4100-0x410f] claimed by PIIX4 SMB
[    0.774676] ACPI: PCI Interrupt Link [LNKA] (IRQs 5 9 10 *11)
[    0.776461] ACPI: PCI Interrupt Link [LNKB] (IRQs 5 9 *10 11)
[    0.780740] ACPI: PCI Interrupt Link [LNKC] (IRQs 5 *9 10 11)
[    0.782390] ACPI: PCI Interrupt Link [LNKD] (IRQs 5 9 10 *11)
[    0.784054] ACPI: Enabled 2 GPEs in block 00 to 07
[    0.785576] vgaarb: setting as boot device: PCI:0000:00:02.0
[    0.786452] vgaarb: device added: PCI:0000:00:02.0,decodes=io+mem,owns=io+mem,locks=none
[    0.787751] vgaarb: loaded
[    0.788284] vgaarb: bridge control possible 0000:00:02.0
[    0.789330] SCSI subsystem initialized
[    0.790118] ACPI: bus type USB registered
[    0.790805] usbcore: registered new interface driver usbfs
[    0.791635] usbcore: registered new interface driver hub
[    0.792469] usbcore: registered new device driver usb
[    0.793536] PCI: Using ACPI for IRQ routing
[    0.794455] NetLabel: Initializing
[    0.795054] NetLabel:  domain hash size = 128
[    0.795749] NetLabel:  protocols = UNLABELED CIPSOv4
[    0.796541] NetLabel:  unlabeled traffic allowed by default
[    0.797518] amd_nb: Cannot enumerate AMD northbridges
[    0.798327] clocksource: Switched to clocksource kvm-clock
[    0.805374] AppArmor: AppArmor Filesystem Enabled
[    0.806214] pnp: PnP ACPI init
[    0.807436] pnp: PnP ACPI: found 3 devices
[   .8817]clckouce acpi_pm: mask: 0xffffff max_cycles: 0xffffff, max_idle_ns: 2085701024 ns
[    1.012091] NET: Registered protocol family 2

[    1.012980] TCP established hash table entries: 16384 (order: 5, 131072 bytes)
[    1.014248] TCP bind hash table entries: 16384 (order: 6, 262144 bytes)
[    1.025813] CP Hshtale cnfgued(established 1638bind 16384)
[    1.287630] UDP hash table entries: 1024 (order: 3, 32768 bytes)
[    1.288668] UDP-Lite hash table entries: 1024 (order: 3, 32768 bytes)
[    1.289831] NET: Registered protocol family 1
[    1.290698] pci 0000:00:00.0: Limiting direct PCI/PCI transfers
[    1.291729] pci 0000:00:01.0: Activating ISA DMA hang workarounds
[    1.292877] Unpacking initramfs...

[    1.487052] Freeing initrd memory: 14792K
[    1.504711] RAPL PMU detected, API unit is 2^-32 Joules, 4 fixed counters 10737418240 ms ovfl timer
[    1.506132] hw unit of domain pp0-core 2^-0 Joules
[    1.506904] hw unit of domain package 2^-0 Joules
[    1.507655] hw unit of domain dram 2^-0 Joules
[    1.508374] hw unit of domain pp1-gpu 2^-0 Joules
[    1.509186] platform rtc_cmos: registered platform RTC device (no PNP device found)
[    1.510473] Scanning for low memory corruption every 60 seconds
[    1.511834] audit: initializing netlink subsys (disabled)
[    1.512686] audit: type=2000 audit(1545891028.058:1): initialized
[    1.513850] Initialise system trusted keyring
[    1.514727] HugeTLB registered 2 MB page size, pre-allocated 0 pages
[    1.516882] zbud: loaded
[    1.517711] VFS: Disk quotas dquot_6.6.0
[    1.518402] VFS: Dquot-cache hash table entries: 512 (order 0, 4096 bytes)
[    1.519637] squashfs: version 4.0 (2009/01/31) Phillip Lougher
[    1.520859] fuse init (API version 7.23)
[    1.521690] Key type big_key registered
[    1.522362] Allocating IMA MOK and blacklist keyrings.
[    1.524097] Key type asymmetric registered
[    1.524786] Asymmetric key parser 'x509' registered
[    1.525598] Block layer SCSI generic (bsg) driver version 0.4 loaded (major 249)
[    1.526888] io scheduler noop registered
[    1.527553] io scheduler deadline registered (default)
[    1.528373] io scheduler cfq registered
[    1.529196] pci_hotplug: PCI Hot Plug PCI Core version: 0.5
[    1.530059] pciehp: PCI Express Hot Plug Controller Driver version: 0.4
[    1.531157] ACPI: AC Adapter [AC] (on-line)
[    1.531895] input: Power Button as /devices/LNXSYSTM:00/LNXPWRBN:00/input/input0
[    1.533122] ACPI: Power Button [PWRF]
[    1.533811] input: Sleep Button as /devices/LNXSYSTM:00/LNXSLPBN:00/input/input1
[    1.535089] ACPI: Sleep Button [SLPF]
[    1.536395] ACPI: Battery Slot [BAT0] (battery present)
[    1.537239] GHES: HEST is not enabled!
[    1.537972] Serial: 8250/16550 driver, 32 ports, IRQ sharing enabled
[    1.560521] 00:02: ttyS0 at I/O 0x3f8 (irq = 4, base_baud = 115200) is a 16550A
[    1.566682] Linux agpgart interface v0.103
[    1.569033] loop: module loaded
[    1.570134] scsi host0: ata_piix
[    1.570838] scsi host1: ata_piix
[    1.571469] ata1: PATA max UDMA/33 cmd 0x1f0 ctl 0x3f6 bmdma 0xd000 irq 14
[    1.572454] ata2: PATA max UDMA/33 cmd 0x170 ctl 0x376 bmdma 0xd008 irq 15
[    1.573537] libphy: Fixed MDIO Bus: probed
[    1.574266] tun: Universal TUN/TAP device driver, 1.6
[    1.575072] tun: (C) 1999-2004 Max Krasnyansky <maxk@qualcomm.com>
[    1.576016] PPP generic driver version 2.4.2
[    1.576765] ehci_hcd: USB 2.0 'Enhanced' Host Controller (EHCI) Driver
[    1.577721] ehci-pci: EHCI PCI platform driver
[    1.578447] ehci-platform: EHCI generic platform driver
[    1.579280] ohci_hcd: USB 1.1 'Open' Host Controller (OHCI) Driver
[    1.580189] ohci-pci: OHCI PCI platform driver
[    1.580910] ohci-platform: OHCI generic platform driver
[    1.581724] uhci_hcd: USB Universal Host Controller Interface driver
[    1.582810] i8042: PNP: PS/2 Controller [PNP0303:PS2K,PNP0f03:PS2M] at 0x60,0x64 irq 1,12
[    1.584551] serio: i8042 KBD port at 0x60,0x64 irq 1
[    1.585349] serio: i8042 AUX port at 0x60,0x64 irq 12
[    1.586234] mousedev: PS/2 mouse device common for all mice
[    1.587505] input: AT Translated Set 2 keyboard as /devices/platform/i8042/serio0/input/input2
[    1.589005] rtc_cmos rtc_cmos: rtc core: registered rtc_cmos as rtc0
[    1.589985] rtc_cmos rtc_cmos: alarms up to one day, 114 bytes nvram
[    1.590934] i2c /dev entries driver
[    1.591596] device-mapper: uevent: version 1.0.3
[    1.592386] device-mapper: ioctl: 4.34.0-ioctl (2015-10-28) initialised: dm-devel@redhat.com
[    1.593748] ledtrig-cpu: registered to indicate activity on CPUs
[    1.594980] NET: Registered protocol family 10
[    1.595869] NET: Registered protocol family 17
[    1.596601] Key type dns_resolver registered
[    1.597530] registered taskstats version 1
[    1.598228] Loading compiled-in X.509 certificates
[    1.599613] Loaded X.509 cert 'Build time autogenerated kernel key: 7c9fb337b82e5a343493fe891c556beae1895c7c'
[    1.601197] zswap: loaded using pool lzo/zbud
[    1.603734] Key type trusted registered
[    1.607240] Key type encrypted registered
[    1.607942] AppArmor: AppArmor sha1 policy hashing enabled
[    1.608778] ima: No TPM chip found, activating TPM-bypass!
[    1.609638] ima: Allocated hash algorithm: sha1
[    1.610381] evm: HMAC attrs: 0x1
[    1.611228]   Magic number: 14:317:166
[    1.611948] rtc_cmos rtc_cmos: setting system clock to 2018-12-27 06:10:23 UTC (1545891023)
[    1.613391] BIOS EDD facility v0.16 2004-Jun-25, 0 devices found
[    1.614293] EDD information not available.
[    1.728545] Freeing unused kernel memory: 1528K
[    1.844342] Write protecting the kernel read-only data: 14336k
[    2.024676] Freeing unused kernel memory: 1660K
[    2.064811] Freeing unused kernel memory: 88K
Loading, please wait...
starting version 229
[    2.138402] random: systemd-udevd: uninitialized urandom read (16 bytes read, 2 bits of entropy available)
[    2.139319] random: udevadm: uninitialized urandom read (16 bytes read, 2 bits of entropy available)
[    2.139340] random: udevadm: uninitialized urandom read (16 bytes read, 2 bits of entropy available)
[    2.143069] random: systemd-udevd: uninitialized urandom read (16 bytes read, 2 bits of entropy available)
[    2.144616] random: systemd-udevd: uninitialized urandom read (16 bytes read, 2 bits of entropy available)
[    2.146131] random: systemd-udevd: uninitialized urandom read (16 bytes read, 2 bits of entropy available)
[    2.148057] random: udevadm: uninitialized urandom read (16 bytes read, 2 bits of entropy available)
[    2.148095] random: udevadm: uninitialized urandom read (16 bytes read, 2 bits of entropy available)
[    2.148215] random: udevadm: uninitialized urandom read (16 bytes read, 2 bits of entropy available)
[    2.148261] random: udevadm: uninitialized urandom read (16 bytes read, 2 bits of entropy available)
[    2.185476] e1000: Intel(R) PRO/1000 Network Driver - version 7.3.21-k8-NAPI
[    2.193928] e1000: Copyright (c) 1999-2006 Intel Corporation.
[    2.197479] Fusion MPT base driver 3.04.20
[    2.198201] Copyright (c) 1999-2008 LSI Corporation
[    2.217898] AVX2 version of gcm_enc/dec engaged.
[    2.218962] AES CTR mode by8 optimization enabled
[    2.219913] Fusion MPT SPI Host driver 3.04.20
[    2.227809] mptbase: ioc0: Initiating bringup
[    2.298696] ioc0: LSI53C1030 A0: Capabilities={Initiator}
[    2.420049] input: ImExPS/2 Generic Explorer Mouse as /devices/platform/i8042/serio1/input/input4
[    2.461256] scsi host2: ioc0: LSI53C1030 A0, FwRev=00000000h, Ports=1, MaxQ=256, IRQ=20
[    2.506594] tsc: Refined TSC clocksource calibration: 2495.055 MHz
[    2.544955] clocksource: tsc: mask: 0xffffffffffffffff max_cycles: 0x23f6fa6c5bd, max_idle_ns: 440795277772 ns
[    2.608031] scsi 2:0:0:0: Direct-Access     VBOX     HARDDISK         1.0  PQ: 0 ANSI: 5
[    2.617037] scsi target2:0:0: Beginning Domain Validation
[    2.619545] scsi target2:0:0: Domain Validation skipping write tests
[    2.620553] scsi target2:0:0: Ending Domain Validation
[    2.621375] scsi target2:0:0: asynchronous
[    2.622310] scsi 2:0:1:0: Direct-Access     VBOX     HARDDISK         1.0  PQ: 0 ANSI: 5
[    2.632434] scsi target2:0:1: Beginning Domain Validation
[    2.633887] scsi target2:0:1: Domain Validation skipping write tests
[    2.634850] scsi target2:0:1: Ending Domain Validation
[    2.635671] scsi target2:0:1: asynchronous
[    2.640332] sd 2:0:0:0: Attached scsi generic sg0 type 0
[    2.642268] sd 2:0:0:0: [sda] 20971520 512-byte logical blocks: (10.7 GB/10.0 GiB)
[    2.643996] sd 2:0:1:0: [sdb] 20480 512-byte logical blocks: (10.5 MB/10.0 MiB)
[    2.645372] sd 2:0:0:0: [sda] Write Protect is off
[    2.645406] sd 2:0:1:0: Attached scsi generic sg1 type 0
[    2.645423] sd 2:0:1:0: [sdb] Write Protect is off
[    2.645517] sd 2:0:1:0: [sdb] Incomplete mode parameter data
[    2.645518] sd 2:0:1:0: [sdb] Assuming drive cache: write through
[    2.656051] sd 2:0:0:0: [sda] Incomplete mode parameter data
[    2.657140] sd 2:0:0:0: [sda] Assuming drive cache: write through
[    2.659951]  sda: sda1
[    2.662699] sd 2:0:0:0: [sda] Attached SCSI disk
[    2.668465] sd 2:0:1:0: [sdb] Attached SCSI disk
[    3.239999] e1000 0000:00:03.0 eth0: (PCI:33MHz:32-bit) 02:f2:ad:b6:19:8d
[    3.254871] e1000 0000:00:03.0 eth0: Intel(R) PRO/1000 Network Connection
[    3.256610] e1000 0000:00:03.0 enp0s3: renamed from eth0
Begin: Loading e[    4.554329] md: linear personality registered for level -1
ssential drivers ... [    4.591230] md: multipath personality registered for level -4
[    4.594781] md: raid0 personality registered for level 0
[    4.598476] md: raid1 personality registered for level 1
[    4.673983] raid6: sse2x1   gen() 10075 MB/s
[    4.743970] raid6: sse2x1   xor()  7657 MB/s
[    4.813994] raid6: sse2x2   gen() 12656 MB/s
[    4.884001] raid6: sse2x2   xor()  8268 MB/s
[    4.950470] raid6: sse2x4   gen() 13974 MB/s
[    5.018433] raid6: sse2x4   xor()  9806 MB/s
[    5.093982] raid6: avx2x1   gen() 20747 MB/s
[    5.189085] raid6: avx2x2   gen() 21892 MB/s
[    5.271065] raid6: avx2x4   gen() 24902 MB/s
[    5.274718] raid6: using algorithm avx2x4 gen() 24902 MB/s
[    5.275569] raid6: using avx2x2 recovery algorithm
[    5.277679] xor: automatically using best checksumming function:
[    5.318361]    avx       : 23665.000 MB/sec
[    5.337542] async_tx: api initialized (async)
[    5.346660] md: raid6 personality registered for level 6
[    5.374695] md: raid5 personality registered for level 5
[    5.375527] md: raid4 personality registered for level 4
[    5.381146] md: raid10 personality registered for level 10
done.
Begin: Running /scripts/init-premount ... done.
Begin: Mounting root file system ... Begin: Running /scripts/local-top ... done.
Begin: Running[    5.414886] Btrfs loaded
 /scripts/local-premount ... Scanning for Btrfs filesystems
done.
Warning: fsck not present, so skipping root file[    5.474394] EXT4-fs (sda1): mounted filesystem with ordered data mode. Opts: (null)
 system
done.
Begin: Running /scripts/local-bottom ... done.
Begin: Running /scripts/init-bottom ... done.
[    5.651077] systemd[1]: systemd 229 running in system mode. (+PAM +AUDIT +SELINUX +IMA +APPARMOR +SMACK +SYSVINIT +UTMP +LIBCRYPTSETUP +GCRYPT +GNUTLS +ACL +XZ -LZ4 +SECCOMP +BLKID +ELFUTILS +KMOD -IDN)
[    5.654481] systemd[1]: Detected virtualization oracle.
[    5.655485] systemd[1]: Detected architecture x86-64.

Welcome to [1mUbuntu 16.04.5 LTS[0m!

[    5.679921] systemd[1]: Set hostname to <ubuntu>.
[    5.742475] systemd[1]: Initializing machine ID from random generator.
[    5.787098] systemd[1]: Installed transient /etc/machine-id file.
[    5.985606] systemd[1]: Listening on /dev/initctl Compatibility Named Pipe.
[[0;32m  OK  [0m] Listening on /dev/initctl Compatibility Named Pipe.
[    6.007951] systemd[1]: Listening on Journal Audit Socket.
[[0;32m  OK  [0m] Listening on Journal Audit Socket.
[    6.011842] systemd[1]: Listening on Journal Socket.
[[0;32m  OK  [0m] Listening on Journal Socket.
[    6.015435] systemd[1]: Listening on udev Kernel Socket.
[[0;32m  OK  [0m] Listening on udev Kernel Socket.
[    6.018383] systemd[1]: Reached target Encrypted Volumes.
[[0;32m  OK  [0m] Reached target Encrypted Volumes.
[    6.020670] systemd[1]: Listening on udev Control Socket.
[[0;32m  OK  [0m] Listening on udev Control Socket.
[    6.023035] systemd[1]: Listening on Device-mapper event daemon FIFOs.
[[0;32m  OK  [0m] Listening on Device-mapper event daemon FIFOs.
[    6.025846] systemd[1]: Created slice System Slice.
[[0;32m  OK  [0m] Created slice System Slice.
[    6.028257] systemd[1]: Created slice system-serial\x2dgetty.slice.
[[0;32m  OK  [0m] Created slice system-serial\x2dgetty.slice.
[    6.046472] systemd[1]: Mounting Debug File System...
         Mounting Debug File System...
[    6.055310] systemd[1]: Listening on LVM2 poll daemon socket.
[[0;32m  OK  [0m] Listening on LVM2 poll daemon socket.
[    6.060653] systemd[1]: Listening on Syslog Socket.
[[0;32m  OK  [0m] Listening on Syslog Socket.
[    6.063624] systemd[1]: Starting Remount Root and Kernel File Systems...
         Starting Remount Root and Kernel File Systems...
[    6.066021] systemd[1]: Started Trigger resolvconf update for networkd DNS.
[[0;32m  OK  [0m] Started Trigger resolvconf update for networkd DNS.
[    6.068635] systemd[1]: Listening on Journal Socket (/dev/log).
[    6.075101] EXT4-fs (sda1): re-mounted. Opts: (null)
[[0;32m  OK  [0m] Listening on Journal Socket (/dev/log).
[    6.086672] systemd[1]: Starting Journal Service...
         Starting Journal Service...
[    6.094202] systemd[1]: Started Forward Password Requests to Wall Directory Watch.
[[0;32m  OK  [0m] Started Forward Password Requests to Wall Directory Watch.
[    6.111130] systemd[1]: Set up automount Arbitrary Executable File Formats File System Automount Point.
[[0;32m  OK  [0m] Set up automount Arbitrary Executab...ats File System Automount Point.
[    6.124789] systemd[1]: Created slice User and Session Slice.
[[0;32m  OK  [0m] Created slice User and Session Slice.
[    6.132458] systemd[1]: Reached target Slices.
[[0;32m  OK  [0m] Reached target Slices.
[    6.174787] systemd[1]: Starting Load Kernel Modules...
         Starting Load Kernel Modules...
[    6.366986] systemd[1]: Starting Set console keymap...
         Startin[    6.384981] Loading iSCSI transport class v2.0-870.
g Set console keymap...
[    6.465768] systemd[1]: Mounting POSIX Message Queue File System...
         Mounting POSIX Message Queue File System...
[    6.469787] systemd[1]: Reached target User and Group Name Lookups.
[[0;32m  OK  [0m] Reached target User and Group Name Lookups.
[    6.472364] systemd[1]: Starting Create list of required static device nodes for the current kernel...
         Starting Create list of required st... nodes for the current kernel...
[    6.476110] systemd[1]: Mounting Huge Pages File System...
         Mounting Huge Pages File System...
[    6.477874] systemd[1]: Reached target System Time Synchronized.
[[0;32m  OK  [0m] Reached target System Time Synchronized.
[    6.486342] systemd[1]: Starting Nameserver information manager...
         Starting Nameserver information manager...
[    6.489546] systemd[1]: Starting Uncomplicated firewall...
         Starting Uncomplicated firewall...
[    6.491315] systemd[1]: Reached target Swap.
[[0;32m  OK  [0m] Reached target Swap.
[    6.493047] systemd[1]: Listening on LVM2 metadata daemon socket.
[[0;32m  OK  [0m] Listening on LVM2 metadata daemon socket.
[    6.497034] systemd[1]: Starting Monitoring of LVM2 mirrors, snapshots etc. using dmeventd or progress polling...
[    6.499925] iscsi: registered transport (tcp)
         Starting Monitoring of LVM2 mirrors... dmeventd or progress polling...
[    6.503712] systemd[1]: Mounted POSIX Message Queue File System.
[[0;32m  OK  [0m] Mounted POSIX Message Queue File System.
[    6.510513] systemd[1]: Mounted Huge Pages File System.
[[0;32m  OK  [0m] Mounted Huge Pages File System.
[    6.529087] systemd[1]: Mounted Debug File System.
[[0;32m  OK  [0m] Mounted Debug File System.
[    6.531204] systemd[1]: Started Journal Service.
[[0;32m  OK  [0m] Started Journal Service.
[[0;32m  OK  [0m] Started Remount Root and Kernel File Systems.
[[0;32m  OK  [0m] Started Create list of required sta...ce nodes for the current kernel.
[[0;32m  OK  [0m] Started Uncomplicated firewall.
[[0;32m  OK  [0m] Started Set console keymap.
[[0;32m  OK  [0m] Started Nameserver information manager.
[    6.559440] iscsi: registered transport (iser)
[[0;32m  OK  [0m] Started Load Kernel Modules.
         Starting Apply Kernel Variables...
         Mounting FUSE Control File System...
[[0;32m  OK  [0m] Started LVM2 metadata daemon.
         Starting Create Static Device Nodes in /dev...
         Starting udev Coldplug all Devices...
         Starting Load/Save Random Seed...
         Starting Flush Journal to Persistent Storage...
[[0;32m  OK  [0m] Mounted FUSE Control File System.
[[0;32m  OK  [0m] Started Apply Kernel Variables.
[[0;32m  OK  [0m] Started Create Static Device Nodes in /dev.
[[0;32m  OK  [0m] Started Load/Save Random Seed.
[[0;32m  OK  [0m] Started udev Coldplug all Devices.
[[0;32m  OK  [0m] Started Flush Journal to Persistent Storage.
         Starting udev Kernel Device Manager...
[[0;32m  OK  [0m] Started udev Kernel Device Manager.
[[0;32m  OK  [0m] Started Dispatch Password Requests to Console Directory Watch.
[[0;32m  OK  [0m] Found device /dev/ttyS0.
[[0;32m  OK  [0m] Listening on Load/Save RF Kill Switch Status /dev/rfkill Watch.
[[0;32m  OK  [0m] Started Monitoring of LVM2 mirrors,...ng dmeventd or progress polling.
[[0;32m  OK  [0m] Reached target Local File Systems (Pre).
[[0;32m  OK  [0m] Reached target Local File Systems.
         Starting Create Volatile Files and Directories...
         Starting Initial cloud-init job (pre-networking)...
         Starting Tell Plymouth To Write Out Runtime Data...
         Starting LSB: AppArmor initialization...
         Starting Commit a transient machine-id on disk...
         Starting Set console font and keymap...
[[0;32m  OK  [0m] Started Create Volatile Files and Directories.
[[0;32m  OK  [0m] Started Tell Plymouth To Write Out Runtime Data.
[[0;32m  OK  [0m] Started Commit a transient machine-id on disk.
         Starting Update UTMP about System Boot/Shutdown...
[[0;32m  OK  [0m] Started Update UTMP about System Boot/Shutdown.
[[0;32m  OK  [0m] Started Set console font and keymap.
[[0;32m  OK  [0m] Created slice system-getty.slice.
[[0;32m  OK  [0m] Started LSB: AppArmor initialization.
[    7.917241] cloud-init[583]: Cloud-init v. 18.4-0ubuntu1~16.04.2 running 'init-local' at Thu, 27 Dec 2018 06:10:30 +0000. Up 7.57 seconds.
[[0;32m  OK  [0m] Started Initial cloud-init job (pre-networking).
[[0;32m  OK  [0m] Reached target Network (Pre).
         Starting Raise network interfaces...
[[0;32m  OK  [0m] Started Raise network interfaces.
         Starting Initial cloud-init job (metadata service crawler)...
[[0;32m  OK  [0m] Reached target Network.
[    9.127220] cloud-init[922]: Cloud-init v. 18.4-0ubuntu1~16.04.2 running 'init' at Thu, 27 Dec 2018 06:10:30 +0000. Up 8.49 seconds.
[    9.129639] cloud-init[922]: ci-info: ++++++++++++++++++++++++++++++++++++++Net device info++++++++++++++++++++++++++++++++++++++
[    9.131638] cloud-init[922]: ci-info: +--------+------+----------------------------+---------------+--------+-------------------+
[    9.133550] cloud-init[922]: ci-info: | Device |  Up  |          Address           |      Mask     | Scope  |     Hw-Address    |
[    9.135453] cloud-init[922]: ci-info: +--------+------+----------------------------+---------------+--------+-------------------+
[    9.137351] cloud-init[922]: ci-info: | enp0s3 | True |         10.0.2.15          | 255.255.255.0 | global | 02:f2:ad:b6:19:8d |
[    9.139164] cloud-init[922]: ci-info: | enp0s3 | True | fe80::f2:adff:feb6:198d/64 |       .       |  link  | 02:f2:ad:b6:19:8d |
[    9.140843] cloud-init[922]: ci-info: |   lo   | True |         127.0.0.1          |   255.0.0.0   |  host  |         .         |
[    9.142495] cloud-init[922]: ci-info: |   lo   | True |          ::1/128           |       .       |  host  |         .         |
[    9.144169] cloud-init[922]: ci-info: +--------+------+----------------------------+---------------+--------+-------------------+
[    9.145856] cloud-init[922]: ci-info: +++++++++++++++++++++++++++Route IPv4 info++++++++++++++++++++++++++++
[    9.147430] cloud-init[922]: ci-info: +-------+-------------+----------+---------------+-----------+-------+
[    9.148946] cloud-init[922]: ci-info: | Route | Destination | Gateway  |    Genmask    | Interface | Flags |
[    9.150431] cloud-init[922]: ci-info: +-------+-------------+----------+---------------+-----------+-------+
[    9.151947] cloud-init[922]: ci-info: |   0   |   0.0.0.0   | 10.0.2.2 |    0.0.0.0    |   enp0s3  |   UG  |
[    9.153492] cloud-init[922]: ci-info: |   1   |   10.0.2.0  | 0.0.0.0  | 255.255.255.0 |   enp0s3  |   U   |
[    9.154999] cloud-init[922]: ci-info: +-------+-------------+----------+---------------+-----------+-------+
[    9.156543] cloud-init[922]: ci-info: +++++++++++++++++++Route IPv6 info+++++++++++++++++++
[    9.157903] cloud-init[922]: ci-info: +-------+-------------+---------+-----------+-------+
[    9.159277] cloud-init[922]: ci-info: | Route | Destination | Gateway | Interface | Flags |
[    9.160647] cloud-init[922]: ci-info: +-------+-------------+---------+-----------+-------+
[    9.161995] cloud-init[922]: ci-info: |   0   |  fe80::/64  |    ::   |   enp0s3  |   U   |
[    9.163371] cloud-init[922]: ci-info: |   3   |   ff00::/8  |    ::   |   enp0s3  |   U   |
[    9.164840] cloud-init[922]: ci-info: +-------+-------------+---------+-----------+-------+
[    9.166212] cloud-init[922]: Generating public/private rsa key pair.
[    9.167396] cloud-init[922]: Your identification has been saved in /etc/ssh/ssh_host_rsa_key.
[    9.168819] cloud-init[922]: Your public key has been saved in /etc/ssh/ssh_host_rsa_key.pub.
[    9.171337] cloud-init[922]: The key fingerprint is:
[    9.188401] cloud-init[922]: SHA256:V2oix+8XxcZLRHNG01NI/dSF1Sm0OmdpOXJ+TrkwV3c root@ubuntu-xenial
[    9.189981] cloud-init[922]: The key's randomart image is:
[    9.191123] cloud-init[922]: +---[RSA 2048]----+
[    9.192096] cloud-init[922]: |            .++B#|
[    9.193131] cloud-init[922]: |             .=*B|
[    9.194159] cloud-init[922]: |            .=..o|
[    9.195165] cloud-init[922]: |       .   o. O .|
[    9.196118] cloud-init[922]: |      . S ++ % .E|
[    9.197090] cloud-init[922]: |       o =  X o =|
[    9.198035] cloud-init[922]: |          .  = = |
[    9.199111] cloud-init[922]: |         .  . B .|
[    9.200075] cloud-init[922]: |          ..   o |
[    9.201075] cloud-init[922]: +----[SHA256]-----+
[    9.202023] cloud-init[922]: Generating public/private dsa key pair.
[    9.203174] cloud-init[922]: Your identification has been saved in /etc/ssh/ssh_host_dsa_key.
[    9.204606] cloud-init[922]: Your public key has been saved in /etc/ssh/ssh_host_dsa_key.pub.
[    9.206037] cloud-init[922]: The key fingerprint is:
[    9.207029] cloud-init[922]: SHA256:kBK3eE/eFUZ8Ew2uMDfpKq4wBBYyBAlCc+t6G8oIcCU root@ubuntu-xenial
[    9.208490] cloud-init[922]: The key's randomart image is:
[    9.209531] cloud-init[922]: +---[DSA 1024]----+
[    9.210459] cloud-init[922]: |@=... .    o+ o+ |
[    9.211427] cloud-init[922]: |ooo..+ o   ..+o .|
[    9.212387] cloud-init[922]: |  E.+ = . o =... |
[    9.213344] cloud-init[922]: | ..+ o = . * o   |
[    9.214313] cloud-init[922]: |. ...   S . o    |
[    9.215275] cloud-init[922]: |....       .     |
[    9.216364] cloud-init[922]: |.. oo   . .      |
[    9.217342] cloud-init[922]: |+ o oo . .       |
[    9.218323] cloud-init[922]: |.o .  ...        |
[    9.219258] cloud-init[922]: +----[SHA256]-----+
[    9.220223] cloud-init[922]: Generating public/private ecdsa key pair.
[    9.221413] cloud-init[922]: Your identification has been saved in /etc/ssh/ssh_host_ecdsa_key.
[    9.222814] cloud-init[922]: Your public key has been saved in /etc/ssh/ssh_host_ecdsa_key.pub.
[    9.224258] cloud-init[922]: The key fingerprint is:
[    9.225217] cloud-init[922]: SHA256:aqBqgPpNaxxKm0pyrjKU/8jaQH9Yf+EwuAy6dsEAw/c root@ubuntu-xenial
[    9.226669] cloud-init[922]: The key's randomart image is:
[    9.227719] cloud-init[922]: +---[ECDSA 256]---+
[    9.228689] cloud-init[922]: |.                |
[    9.229649] cloud-init[922]: |o. .             |
[    9.230590] cloud-init[922]: |... .            |
[    9.231531] cloud-init[922]: | .   E.          |
[    9.232484] cloud-init[922]: |..+..o oS.       |
[    9.233401] cloud-init[922]: |+o++*.o.+ .      |
[    9.234313] cloud-init[922]: |==+Bo=o. o       |
[[0;32m  OK  [0m] Started Initial cloud-init job (metadata service crawler).
[[0;32m  OK  [0m] Reached target Cloud-config availability.
[[0;32m  OK  [0m] Reached target System Initialization.
[[0;32m  OK  [0m] Started Daily apt download activities.
[[0;32m  OK  [0m] Listening on D-Bus System Message Bus Socket.
[[0;32m  OK  [0m] Listening on ACPID Listen Socket.
         Starting Socket activation for snappy daemon.
[    9.235210] cloud-init[922]: |**O==o  .        |
[    9.256231] [[0;32m  OK  [0m] Started ACPI Events Check.
[[0;32m  OK  [0m] Reached target Paths.
[[0;32m  OK  [0m] Listening on UUID daemon activation socket.
cloud-init[922]: |BB==+.           |
[    9.260251] cloud-init[922]: +----[SHA256]-----+
[    9.261368] cloud-init[922]: Generating public/private ed25519 key pair.
[    9.262553] cloud-init[922]: Your identification has been saved in /etc/ssh/ssh_host_ed25519_key.
[    9.264437]          Starting LXD - unix socket.
[[0;32m  OK  [0m] Started Daily apt upgrade and clean activities.
[[0;32m  OK  [0m] Started Daily Cleanup of Temporary Directories.
[[0;32m  OK  [0m] Reached target Timers.
[[0;32m  OK  [0m] Reached target Network is Online.
cloud-init[922]: Your public key has been saved in /etc/ssh/ssh_host_ed25519_key.pub.
[    9.268460] cloud-init[922]: The key fingerprint is:
[    9.269740] cloud-init[922]: SHA256:CAVE/awLKYqTvclLMzPfdooizn1RDWjSTx6AH9ZJTrQ root@ubuntu-xenial
[    9.271282] cloud-init[922]: The key's randomart image is:
[    9.272504] cloud-init[922]: +--[ED25519 256]--+
[    9.273618] cloud-init[922]: |   o*+B+.        |
[    9.276590] cloud-init[922]: |   o B+*.        |
[    9.277651] cloud-init[922]: |    * =E+        |
[    9.278634] cloud-init[922]: |     o =o.       |
[    9.279576] cloud-init[922]: |     .o.S        |         Starting iSCSI initiator daemon (iscsid)...
[[0;32m  OK  [0m] Listening on Socket activation for snappy daemon.
[[0;32m  OK  [0m] Listening on LXD - unix socket.

[    9.281840] cloud-init[922]: |  . o..          |
[    9.282843] [[0;32m  OK  [0m] Reached target Sockets.
[[0;32m  OK  [0m] Reached target Basic System.
cloud-init[922]: |.+*. ...         |
[[0;32m  OK  [0m] Started D-Bus System Message Bus.
[    9.284688] cloud-init[922]: |Bo+B +o .        |
[    9.300543] cloud-init[922]: |.===+.oo         |
[    9.303430] cloud-init[922]: +----[SHA256]-----+
         Starting LXD - container startup/shutdown...
         Starting Pollinate to seed the pseudo random number generator...
[[0;32m  OK  [0m] Started Regular background program processing daemon.
[[0;32m  OK  [0m] Started Deferred execution scheduler.
         Starting System Logging Service...
         Starting LSB: MD monitoring daemon...
[[0;32m  OK  [0m] Started ACPI event daemon.
         Starting Accounts Service...
         Starting Login Service...
[[0;32m  OK  [0m] Started Unattended Upgrades Shutdown.
         Starting /etc/rc.local Compatibility...
         Starting LSB: Record successful boot for GRUB...
[[0;32m  OK  [0m] Started FUSE filesystem for LXC.
         Starting Virtualbox guest utils...
         Starting Snappy daemon...
[[0;32m  OK  [0m] Started System Logging Service.
[[0;32m  OK  [0m] Started /etc/rc.local Compatibility.
[[0;32m  OK  [0m] Started iSCSI initiator daemon (iscsid).
[[0;32m  OK  [0m] Started Login Service.
         Starting Authenticate and Authorize Users to Run Privileged Tasks...
         Starting Login to default iSCSI targets...
[[0;32m  OK  [0m] Started LSB: MD monitoring daemon.
[[0;32m  OK  [0m] Started LSB: Record successful boot for GRUB.
[[0;32m  OK  [0m] Started Authenticate and Authorize Users to Run Privileged Tasks.
[[0;32m  OK  [0m] Started Login to default iSCSI targets.
[[0;32m  OK  [0m] Reached target Remote File Systems (Pre).
[[0;32m  OK  [0m] Reached target Remote File Systems.
         Starting LSB: automatic crash report generation...
         Starting LSB: Set the CPU Frequency Scaling governor to "ondemand"...
         Starting LSB: daemon to balance interrupts for SMP systems...
         Starting Permit User Sessions...
[[0;32m  OK  [0m] Started LXD - container startup/shutdown.
[[0;32m  OK  [0m] Started Virtualbox guest utils.
[[0;32m  OK  [0m] Started Permit User Sessions.
[[0;32m  OK  [0m] Started Accounts Service.
         Starting Hold until boot process finishes up...
         Starting Terminate Plymouth Boot Screen...
[[0;32m  OK  [0m] Started LSB: automatic crash report generation.
[[0;32m  OK  [0m] Started LSB: Set the CPU Frequency Scaling governor to "ondemand".
[[0;32m  OK  [0m] Started LSB: daemon to balance interrupts for SMP systems.
[[0;32m  OK  [0m] Started Hold until boot process finishes up.
[[0;32m  OK  [0m] Started Terminate Plymouth Boot Screen.
[[0;32m  OK  [0m] Started Getty on tty1.
[[0;32m  OK  [0m] Started Serial Getty on ttyS0.
[[0;32m  OK  [0m] Reached target Login Prompts.
         Starting Set console scheme...
[[0;32m  OK  [0m] Started Snappy daemon.
         Starting Wait until snapd is fully seeded...
[[0;32m  OK  [0m] Started Set console scheme.
[[0;32m  OK  [0m] Started Pollinate to seed the pseudo random number generator.
         Starting OpenBSD Secure Shell server...
[[0;32m  OK  [0m] Started OpenBSD Secure Shell server.
[[0;32m  OK  [0m] Started Wait until snapd is fully seeded.
[[0;32m  OK  [0m] Reached target Multi-User System.
[[0;32m  OK  [0m] Reached target Graphical Interface.
         Starting Update UTMP about System Runlevel Changes...
         Starting Apply the settings specified in cloud-config...
[[0;32m  OK  [0m] Started Update UTMP about System Runlevel Changes.
[   11.144407] cloud-init[1251]: Generating locales (this might take a while)...
[[0;32m  OK  [0m] Created slice User Slice of vagrant.
         Starting User Manager for UID 1000...
[[0;32m  OK  [0m] Started Session 1 of user vagrant.
[[0;32m  OK  [0m] Started User Manager for UID 1000.
[   11.910582] cloud-init[1251]:   en_US.UTF-8... done
[   11.920081] cloud-init[1251]: Generation complete.
[   12.403113] cloud-init[1251]: Cloud-init v. 18.4-0ubuntu1~16.04.2 running 'modules:config' at Thu, 27 Dec 2018 06:10:33 +0000. Up 11.04 seconds.
[[0;32m  OK  [0m] Started Apply the settings specified in cloud-config.
         Starting Execute cloud user/final scripts...
ci-info: no authorized ssh keys fingerprints found for user ubuntu.
<14>Dec 27 06:10:35 ec2: 
<14>Dec 27 06:10:35 ec2: #############################################################
<14>Dec 27 06:10:35 ec2: -----BEGIN SSH HOST KEY FINGERPRINTS-----
<14>Dec 27 06:10:35 ec2: 1024 SHA256:kBK3eE/eFUZ8Ew2uMDfpKq4wBBYyBAlCc+t6G8oIcCU root@ubuntu-xenial (DSA)
<14>Dec 27 06:10:35 ec2: 256 SHA256:aqBqgPpNaxxKm0pyrjKU/8jaQH9Yf+EwuAy6dsEAw/c root@ubuntu-xenial (ECDSA)
<14>Dec 27 06:10:35 ec2: 256 SHA256:CAVE/awLKYqTvclLMzPfdooizn1RDWjSTx6AH9ZJTrQ root@ubuntu-xenial (ED25519)
<14>Dec 27 06:10:35 ec2: 2048 SHA256:V2oix+8XxcZLRHNG01NI/dSF1Sm0OmdpOXJ+TrkwV3c root@ubuntu-xenial (RSA)
<14>Dec 27 06:10:35 ec2: -----END SSH HOST KEY FINGERPRINTS-----
<14>Dec 27 06:10:35 ec2: #############################################################
-----BEGIN SSH HOST KEY KEYS-----
ecdsa-sha2-nistp256 AAAAE2VjZHNhLXNoYTItbmlzdHAyNTYAAAAIbmlzdHAyNTYAAABBBG3vXpsCD9GVpXIZ0Y3hIj/I80K6/JYWRkYv2+l6eQMO9bP34Ql8meGafBw6+voIziZ1w/rtXhulSBO9sZmq7Yc= root@ubuntu-xenial
ssh-ed25519 AAAAC3NzaC1lZDI1NTE5AAAAIHeQQ5/Cfa0QYubBk9xaB9VmtkdB7ASJKyFhEsNZq7Tr root@ubuntu-xenial
ssh-rsa AAAAB3NzaC1yc2EAAAADAQABAAABAQC8xdXroIbygcTSpayGbEP0ypIel9fBNTZfBwb39EfkH9dus//rwKXdY1/w4k2YD1yRAAQU1ymukcHMxAZjrnmkei1dB/UiYwHjcpY5p6reP4kiGbLDTjENiMOrASHnr/y0kblBPkgN6jBAF/LD3VGitL6CkZXMcgy8BkcUFp/YwJSDWMBuLO6UYxLMmiDhnxx8GHYvU6lQA5tRxBDlJmavZO/O3VygS6D8PVwsXuLBctR1+Z37BKuJ0IJZAtXXn1LVOo0dBvm1CepUJW+Vif33er0JhaRNuZzZ6rzjUOvXEsh3JV2Laj5HVKdOc1z9E68mQzmSHNMZL7F3ovI8lKtP root@ubuntu-xenial
-----END SSH HOST KEY KEYS-----
[   13.055167] cloud-init[1358]: Cloud-init v. 18.4-0ubuntu1~16.04.2 running 'modules:final' at Thu, 27 Dec 2018 06:10:35 +0000. Up 12.82 seconds.
[   13.064982] cloud-init[1358]: ci-info: no authorized ssh keys fingerprints found for user ubuntu.
[   13.069043] cloud-init[1358]: Cloud-init v. 18.4-0ubuntu1~16.04.2 finished at Thu, 27 Dec 2018 06:10:35 +0000. Datasource DataSourceNoCloud [seed=/dev/sdb][dsmode=net].  Up 13.04 seconds
[[0;32m  OK  [0m] Started Execute cloud user/final scripts.
[[0;32m  OK  [0m] Reached target Cloud-init target.

Ubuntu 16.04.5 LTS ubuntu-xenial ttyS0

ubuntu-xenial login: 